// Vitest Snapshot v1, https://vitest.dev/guide/snapshot.html

exports[`Accordion > Verify data-ui-name 1`] = `
{
  "children": [
    {
      "children": [
        {
          "children": [
            {
              "children": [
                {
                  "children": [],
                  "uiName": "Item.ToggleButton",
                },
              ],
              "uiName": "Item.Toggle",
            },
            {
              "children": [
                {
                  "children": [],
                  "uiName": "Box",
                },
              ],
              "uiName": "Item.Collapse",
            },
          ],
          "uiName": "Accordion.Item",
        },
      ],
      "uiName": "Accordion",
    },
  ],
  "uiName": null,
}
`;
