// Vitest Snapshot v1, https://vitest.dev/guide/snapshot.html

exports[`Skeleton > Verify data-ui-name 1`] = `
{
  "children": [
    {
      "children": [
        {
          "children": [
            {
              "children": [
                {
                  "children": [],
                  "uiName": "SkeletonSVG.Text",
                },
                {
                  "children": [],
                  "uiName": "SkeletonSVG.Text",
                },
              ],
              "uiName": null,
            },
          ],
          "uiName": null,
        },
        {
          "children": [],
          "uiName": null,
        },
      ],
      "uiName": "SkeletonSVG",
    },
    {
      "children": [],
      "uiName": "Box",
    },
    {
      "children": [],
      "uiName": "Box",
    },
    {
      "children": [],
      "uiName": "Box",
    },
    {
      "children": [],
      "uiName": "Box",
    },
    {
      "children": [],
      "uiName": "Box",
    },
    {
      "children": [],
      "uiName": "Box",
    },
    {
      "children": [],
      "uiName": "Box",
    },
    {
      "children": [],
      "uiName": "Box",
    },
    {
      "children": [],
      "uiName": "Box",
    },
    {
      "children": [],
      "uiName": "Box",
    },
  ],
  "uiName": null,
}
`;
