// Vitest Snapshot v1, https://vitest.dev/guide/snapshot.html

exports[`FeaturePopover.Popper > Verify data-ui-name 1`] = `
{
  "children": [
    {
      "children": [
        {
          "children": [],
          "uiName": "FeaturePopover.Spot",
        },
      ],
      "uiName": "FeaturePopover.Trigger",
    },
    {
      "children": [
        {
          "children": [
            {
              "children": [
                {
                  "children": [
                    {
                      "children": [
                        {
                          "children": [
                            {
                              "children": [
                                {
                                  "children": [],
                                  "uiName": null,
                                },
                              ],
                              "uiName": "Close",
                            },
                          ],
                          "uiName": "Button.Addon",
                        },
                      ],
                      "uiName": "Button.InnerWrapper",
                    },
                  ],
                  "uiName": "Button",
                },
              ],
              "uiName": "FeaturePopover.Popper",
            },
          ],
          "uiName": "Animation",
        },
      ],
      "uiName": "Popper.Popper",
    },
  ],
  "uiName": null,
}
`;
