// Vitest Snapshot v1, https://vitest.dev/guide/snapshot.html

exports[`TimePicker > Verify data-ui-name 1`] = `
{
  "children": [
    {
      "children": [
        {
          "children": [],
          "uiName": "TimePicker.Hours",
        },
        {
          "children": [],
          "uiName": "TimePicker.Separator",
        },
        {
          "children": [],
          "uiName": "TimePicker.Minutes",
        },
        {
          "children": [
            {
              "children": [],
              "uiName": null,
            },
          ],
          "uiName": "TimePicker.Format",
        },
        {
          "children": [],
          "uiName": "Box",
        },
        {
          "children": [],
          "uiName": "Box",
        },
        {
          "children": [],
          "uiName": null,
        },
      ],
      "uiName": "TimePicker",
    },
    {
      "children": [],
      "uiName": "Box",
    },
  ],
  "uiName": null,
}
`;
